FFmpeg command:
ffmpeg -y -loglevel info -f gdigrab -framerate 30 -draw_mouse 0 -i title=RTSP + Right-Center JSON Panel (Owned Overlay) -vf format=yuv420p,scale=trunc(iw/2)*2:trunc(ih/2)*2 -c:v libx264 -preset veryfast -crf 18 -pix_fmt yuv420p -r 30 C:\Users\vchikkay\Downloads\overlay_capture_20260111_131401.mp4

ffmpeg version 8.0.1-essentials_build-www.gyan.dev Copyright (c) 2000-2025 the FFmpeg developers
  built with gcc 15.2.0 (Rev8, Built by MSYS2 project)
  configuration: --enable-gpl --enable-version3 --enable-static --disable-w32threads --disable-autodetect --enable-fontconfig --enable-iconv --enable-gnutls --enable-libxml2 --enable-gmp --enable-bzlib --enable-lzma --enable-zlib --enable-libsrt --enable-libssh --enable-libzmq --enable-avisynth --enable-sdl2 --enable-libwebp --enable-libx264 --enable-libx265 --enable-libxvid --enable-libaom --enable-libopenjpeg --enable-libvpx --enable-mediafoundation --enable-libass --enable-libfreetype --enable-libfribidi --enable-libharfbuzz --enable-libvidstab --enable-libvmaf --enable-libzimg --enable-amf --enable-cuda-llvm --enable-cuvid --enable-dxva2 --enable-d3d11va --enable-d3d12va --enable-ffnvcodec --enable-libvpl --enable-nvdec --enable-nvenc --enable-vaapi --enable-openal --enable-libgme --enable-libopenmpt --enable-libopencore-amrwb --enable-libmp3lame --enable-libtheora --enable-libvo-amrwbenc --enable-libgsm --enable-libopencore-amrnb --enable-libopus --enable-libspeex --enable-libvorbis --enable-librubberband
  libavutil      60.  8.100 / 60.  8.100
  libavcodec     62. 11.100 / 62. 11.100
  libavformat    62.  3.100 / 62.  3.100
  libavdevice    62.  1.100 / 62.  1.100
  libavfilter    11.  4.100 / 11.  4.100
  libswscale      9.  1.100 /  9.  1.100
  libswresample   6.  1.100 /  6.  1.100
[gdigrab @ 0000018ae5cb4b40] Found window RTSP + Right-Center JSON Panel (Owned Overlay), capturing 1920x1009x32 at (0,0)
[gdigrab @ 0000018ae5cb4b40] Stream #0: not enough frames to estimate rate; consider increasing probesize
Input #0, gdigrab, from 'title=RTSP + Right-Center JSON Panel (Owned Overlay)':
  Duration: N/A, start: 1768117442.156517, bitrate: 1859801 kb/s
  Stream #0:0: Video: bmp, bgra, 1920x1009, 1859801 kb/s, 30 fps, 1000k tbr, 1000k tbn, start 1768117442.156517
Stream mapping:
  Stream #0:0 -> #0:0 (bmp (native) -> h264 (libx264))
Press [q] to stop, [?] for help
[libx264 @ 0000018ae5cb9ec0] using cpu capabilities: MMX2 SSE2Fast SSSE3 SSE4.2 AVX FMA3 BMI2 AVX2
[libx264 @ 0000018ae5cb9ec0] profile High, level 4.0, 4:2:0, 8-bit
[libx264 @ 0000018ae5cb9ec0] 264 - core 165 r3223 0480cb0 - H.264/MPEG-4 AVC codec - Copyleft 2003-2025 - http://www.videolan.org/x264.html - options: cabac=1 ref=1 deblock=1:0:0 analyse=0x3:0x113 me=hex subme=2 psy=1 psy_rd=1.00:0.00 mixed_ref=0 me_range=16 chroma_me=1 trellis=0 8x8dct=1 cqm=0 deadzone=21,11 fast_pskip=1 chroma_qp_offset=0 threads=21 lookahead_threads=7 sliced_threads=0 nr=0 decimate=1 interlaced=0 bluray_compat=0 constrained_intra=0 bframes=3 b_pyramid=2 b_adapt=1 b_bias=0 direct=1 weightb=1 open_gop=0 weightp=1 keyint=250 keyint_min=25 scenecut=40 intra_refresh=0 rc_lookahead=10 rc=crf mbtree=1 crf=18.0 qcomp=0.60 qpmin=0 qpmax=69 qpstep=4 ip_ratio=1.40 aq=1:1.00
Output #0, mp4, to 'C:\Users\vchikkay\Downloads\overlay_capture_20260111_131401.mp4':
  Metadata:
    encoder         : Lavf62.3.100
  Stream #0:0: Video: h264 (avc1 / 0x31637661), yuv420p(tv, progressive), 1920x1008, q=2-31, 30 fps, 15360 tbn
    Metadata:
      encoder         : Lavc62.11.100 libx264
    Side data:
      cpb: bitrate max/min/avg: 0/0/0 buffer size: 0 vbv_delay: N/A
frame=    0 fps=0.0 q=0.0 size=       0KiB time=N/A bitrate=N/A speed=N/A elapsed=0:00:00.51    frame=    0 fps=0.0 q=0.0 size=       0KiB time=N/A bitrate=N/A speed=N/A elapsed=0:00:01.02    frame=   11 fps=7.2 q=24.0 size=       0KiB time=00:00:00.30 bitrate=   1.3kbits/s speed=0.196x elapsed=0:00:01.53    frame=   27 fps= 13 q=24.0 size=       0KiB time=00:00:00.83 bitrate=   0.5kbits/s speed=0.404x elapsed=0:00:02.06    frame=   42 fps= 16 q=24.0 size=       0KiB time=00:00:01.33 bitrate=   0.3kbits/s speed=0.519x elapsed=0:00:02.56    frame=   58 fps= 19 q=24.0 size=       0KiB time=00:00:01.86 bitrate=   0.2kbits/s speed=0.604x elapsed=0:00:03.09    frame=   73 fps= 20 q=24.0 size=       0KiB time=00:00:02.36 bitrate=   0.2kbits/s speed=0.656x elapsed=0:00:03.60    frame=   89 fps= 22 q=24.0 size=       0KiB time=00:00:02.90 bitrate=   0.1kbits/s speed=0.704x elapsed=0:00:04.11    frame=  104 fps= 22 q=24.0 size=       0KiB time=00:00:03.40 bitrate=   0.1kbits/s speed=0.735x elapsed=0:00:04.62    frame=  120 fps= 23 q=24.0 size=       0KiB time=00:00:03.93 bitrate=   0.1kbits/s speed=0.764x elapsed=0:00:05.14    frame=  135 fps= 24 q=24.0 size=       0KiB time=00:00:04.43 bitrate=   0.1kbits/s speed=0.783x elapsed=0:00:05.66    frame=  151 fps= 24 q=24.0 size=       0KiB time=00:00:04.96 bitrate=   0.1kbits/s speed=0.804x elapsed=0:00:06.17    frame=  166 fps= 25 q=24.0 size=       0KiB time=00:00:05.46 bitrate=   0.1kbits/s speed=0.817x elapsed=0:00:06.69    frame=  182 fps= 25 q=24.0 size=       0KiB time=00:00:06.00 bitrate=   0.1kbits/s speed=0.832x elapsed=0:00:07.21    frame=  197 fps= 25 q=24.0 size=       0KiB time=00:00:06.50 bitrate=   0.1kbits/s speed=0.841x elapsed=0:00:07.73    

[q] command received. Exiting.

[out#0/mp4 @ 0000018ae5cb8b80] video:21KiB audio:0KiB subtitle:0KiB other streams:0KiB global headers:0KiB muxing overhead: 17.686760%
frame=  248 fps= 30 q=-1.0 Lsize=      25KiB time=00:00:08.20 bitrate=  24.8kbits/s speed=0.989x elapsed=0:00:08.28    
[libx264 @ 0000018ae5cb9ec0] frame I:1     Avg QP: 5.26  size:  2362
[libx264 @ 0000018ae5cb9ec0] frame P:62    Avg QP: 6.08  size:   106
[libx264 @ 0000018ae5cb9ec0] frame B:185   Avg QP: 8.66  size:    65
[libx264 @ 0000018ae5cb9ec0] consecutive B-frames:  0.4%  0.0%  1.2% 98.4%
[libx264 @ 0000018ae5cb9ec0] mb I  I16..4: 99.7%  0.0%  0.3%
[libx264 @ 0000018ae5cb9ec0] mb P  I16..4:  0.0%  0.0%  0.0%  P16..4:  0.0%  0.0%  0.0%  0.0%  0.0%    skip:100.0%
[libx264 @ 0000018ae5cb9ec0] mb B  I16..4:  0.0%  0.0%  0.0%  B16..8:  0.0%  0.0%  0.0%  direct: 0.0%  skip:100.0%  L0:100.0% L1: 0.0% BI: 0.0%
[libx264 @ 0000018ae5cb9ec0] 8x8 transform intra:0.0% inter:0.0%
[libx264 @ 0000018ae5cb9ec0] coded y,uvDC,uvAC intra: 0.4% 0.3% 0.3% inter: 0.0% 0.0% 0.0%
[libx264 @ 0000018ae5cb9ec0] i16 v,h,dc,p: 95%  3%  2%  0%
[libx264 @ 0000018ae5cb9ec0] i4 v,h,dc,ddl,ddr,vr,hd,vl,hu: 27% 24% 27%  3%  3%  3%  5%  3%  5%
[libx264 @ 0000018ae5cb9ec0] i8c dc,h,v,p: 100%  0%  0%  0%
[libx264 @ 0000018ae5cb9ec0] Weighted P-Frames: Y:0.0% UV:0.0%
[libx264 @ 0000018ae5cb9ec0] kb/s:20.27
