2026-07-05 22:22:46.358699: starting ffmpeg: ffmpeg -y -f gdigrab -framerate 30 -offset_x 0 -offset_y 64 -video_size 1920x968 -i desktop -draw_mouse 1 -c:v libx264 -preset veryfast -crf 18 -r 30 C:/Users/vchikkay/OneDrive - Alstom/Data/projects/Vinnovation/TinyTechniques/EEjo/Working/Eejo_V3.0/Eejo/Eejo_Swimmer_Not Used/Video_py/recordings/testREC.mp4
ffmpeg version 8.0.1-essentials_build-www.gyan.dev Copyright (c) 2000-2025 the FFmpeg developers
  built with gcc 15.2.0 (Rev8, Built by MSYS2 project)
  configuration: --enable-gpl --enable-version3 --enable-static --disable-w32threads --disable-autodetect --enable-fontconfig --enable-iconv --enable-gnutls --enable-libxml2 --enable-gmp --enable-bzlib --enable-lzma --enable-zlib --enable-libsrt --enable-libssh --enable-libzmq --enable-avisynth --enable-sdl2 --enable-libwebp --enable-libx264 --enable-libx265 --enable-libxvid --enable-libaom --enable-libopenjpeg --enable-libvpx --enable-mediafoundation --enable-libass --enable-libfreetype --enable-libfribidi --enable-libharfbuzz --enable-libvidstab --enable-libvmaf --enable-libzimg --enable-amf --enable-cuda-llvm --enable-cuvid --enable-dxva2 --enable-d3d11va --enable-d3d12va --enable-ffnvcodec --enable-libvpl --enable-nvdec --enable-nvenc --enable-vaapi --enable-openal --enable-libgme --enable-libopenmpt --enable-libopencore-amrwb --enable-libmp3lame --enable-libtheora --enable-libvo-amrwbenc --enable-libgsm --enable-libopencore-amrnb --enable-libopus --enable-libspeex --enable-libvorbis --enable-librubberband
  libavutil      60.  8.100 / 60.  8.100
  libavcodec     62. 11.100 / 62. 11.100
  libavformat    62.  3.100 / 62.  3.100
  libavdevice    62.  1.100 / 62.  1.100
  libavfilter    11.  4.100 / 11.  4.100
  libswscale      9.  1.100 /  9.  1.100
  libswresample   6.  1.100 /  6.  1.100
[gdigrab @ 000001b8a3c35c00] Capturing whole desktop as 1920x968x32 at (0,64)
[gdigrab @ 000001b8a3c35c00] Stream #0: not enough frames to estimate rate; consider increasing probesize
Input #0, gdigrab, from 'desktop':
  Duration: N/A, start: 1783270367.478773, bitrate: 1784230 kb/s
  Stream #0:0: Video: bmp, bgra, 1920x968, 1784230 kb/s, 30 fps, 1000k tbr, 1000k tbn, start 1783270367.478773
Stream mapping:
  Stream #0:0 -> #0:0 (bmp (native) -> h264 (libx264))
Press [q] to stop, [?] for help
[libx264 @ 000001b8a3c3d5c0] using cpu capabilities: MMX2 SSE2Fast SSSE3 SSE4.2 AVX FMA3 BMI2 AVX2
[libx264 @ 000001b8a3c3d5c0] profile High 4:4:4 Predictive, level 4.0, 4:4:4, 8-bit
[libx264 @ 000001b8a3c3d5c0] 264 - core 165 r3223 0480cb0 - H.264/MPEG-4 AVC codec - Copyleft 2003-2025 - http://www.videolan.org/x264.html - options: cabac=1 ref=1 deblock=1:0:0 analyse=0x3:0x113 me=hex subme=2 psy=1 psy_rd=1.00:0.00 mixed_ref=0 me_range=16 chroma_me=1 trellis=0 8x8dct=1 cqm=0 deadzone=21,11 fast_pskip=1 chroma_qp_offset=6 threads=21 lookahead_threads=7 sliced_threads=0 nr=0 decimate=1 interlaced=0 bluray_compat=0 constrained_intra=0 bframes=3 b_pyramid=2 b_adapt=1 b_bias=0 direct=1 weightb=1 open_gop=0 weightp=1 keyint=250 keyint_min=25 scenecut=40 intra_refresh=0 rc_lookahead=10 rc=crf mbtree=1 crf=18.0 qcomp=0.60 qpmin=0 qpmax=69 qpstep=4 ip_ratio=1.40 aq=1:1.00
Output #0, mp4, to 'C:/Users/vchikkay/OneDrive - Alstom/Data/projects/Vinnovation/TinyTechniques/EEjo/Working/Eejo_V3.0/Eejo/Eejo_Swimmer_Not Used/Video_py/recordings/testREC.mp4':
  Metadata:
    encoder         : Lavf62.3.100
  Stream #0:0: Video: h264 (avc1 / 0x31637661), yuv444p(tv, progressive), 1920x968, q=2-31, 30 fps, 15360 tbn
    Metadata:
      encoder         : Lavc62.11.100 libx264
    Side data:
      cpb: bitrate max/min/avg: 0/0/0 buffer size: 0 vbv_delay: N/A
frame=    0 fps=0.0 q=0.0 size=       0KiB time=N/A bitrate=N/A dup=2 drop=0 speed=N/A elapsed=0:00:00.51    frame=    0 fps=0.0 q=0.0 size=       0KiB time=N/A bitrate=N/A dup=3 drop=0 speed=N/A elapsed=0:00:01.03    frame=   13 fps=8.4 q=24.0 size=       0KiB time=00:00:00.36 bitrate=   1.0kbits/s dup=4 drop=0 speed=0.237x elapsed=0:00:01.54    frame=   29 fps= 14 q=24.0 size=     256KiB time=00:00:00.90 bitrate=2330.6kbits/s dup=5 drop=0 speed=0.436x elapsed=0:00:02.06    frame=   44 fps= 17 q=24.0 size=     512KiB time=00:00:01.40 bitrate=2996.2kbits/s dup=5 drop=0 speed=0.543x elapsed=0:00:02.58    frame=   59 fps= 19 q=24.0 size=     512KiB time=00:00:01.90 bitrate=2207.7kbits/s dup=5 drop=0 speed=0.616x elapsed=0:00:03.08    frame=   75 fps= 21 q=24.0 size=     512KiB time=00:00:02.43 bitrate=1723.8kbits/s dup=5 drop=0 speed=0.674x elapsed=0:00:03.60    frame=   90 fps= 22 q=24.0 size=     768KiB time=00:00:02.93 bitrate=2144.9kbits/s dup=5 drop=0 speed=0.712x elapsed=0:00:04.11    frame=  106 fps= 23 q=24.0 size=     768KiB time=00:00:03.46 bitrate=1815.0kbits/s dup=5 drop=0 speed=0.747x elapsed=0:00:04.64    frame=  121 fps= 23 q=24.0 size=    1024KiB time=00:00:03.96 bitrate=2114.9kbits/s dup=5 drop=0 speed=0.77x elapsed=0:00:05.15    frame=  137 fps= 24 q=24.0 size=    1024KiB time=00:00:04.50 bitrate=1864.2kbits/s dup=5 drop=0 speed=0.794x elapsed=0:00:05.66    frame=  152 fps= 25 q=24.0 size=    1024KiB time=00:00:05.00 bitrate=1677.8kbits/s dup=5 drop=0 speed=0.808x elapsed=0:00:06.18    frame=  168 fps= 25 q=24.0 size=    1280KiB time=00:00:05.53 bitrate=1895.1kbits/s dup=5 drop=0 speed=0.825x elapsed=0:00:06.70    frame=  183 fps= 25 q=24.0 size=    1280KiB time=00:00:06.03 bitrate=1738.0kbits/s dup=5 drop=0 speed=0.835x elapsed=0:00:07.22    frame=  198 fps= 26 q=24.0 size=    1536KiB time=00:00:06.53 bitrate=1926.0kbits/s dup=5 drop=0 speed=0.844x elapsed=0:00:07.73    frame=  214 fps= 26 q=24.0 size=    1792KiB time=00:00:07.06 bitrate=2077.4kbits/s dup=6 drop=0 speed=0.857x elapsed=0:00:08.24    

[q] command received. Exiting.

[out#0/mp4 @ 000001b8a3c34bc0] video:2379KiB audio:0KiB subtitle:0KiB other streams:0KiB global headers:0KiB muxing overhead: 0.163663%
frame=  265 fps= 30 q=-1.0 Lsize=    2383KiB time=00:00:08.76 bitrate=2226.7kbits/s dup=6 drop=0 speed=0.987x elapsed=0:00:08.88    
[libx264 @ 000001b8a3c3d5c0] frame I:2     Avg QP:13.02  size:160360
[libx264 @ 000001b8a3c3d5c0] frame P:111   Avg QP:18.91  size: 16391
[libx264 @ 000001b8a3c3d5c0] frame B:152   Avg QP:19.87  size:  1943
[libx264 @ 000001b8a3c3d5c0] consecutive B-frames: 13.2% 28.7%  6.8% 51.3%
[libx264 @ 000001b8a3c3d5c0] mb I  I16..4: 28.1% 17.3% 54.5%
[libx264 @ 000001b8a3c3d5c0] mb P  I16..4:  0.8%  1.1%  0.8%  P16..4: 12.0%  2.9%  2.9%  0.0%  0.0%    skip:79.5%
[libx264 @ 000001b8a3c3d5c0] mb B  I16..4:  0.0%  0.1%  0.1%  B16..8:  3.7%  0.9%  0.3%  direct: 0.6%  skip:94.3%  L0:44.0% L1:49.5% BI: 6.5%
[libx264 @ 000001b8a3c3d5c0] 8x8 transform intra:31.9% inter:15.5%
[libx264 @ 000001b8a3c3d5c0] coded y,u,v intra: 62.4% 14.5% 16.2% inter: 3.9% 0.1% 0.1%
[libx264 @ 000001b8a3c3d5c0] i16 v,h,dc,p: 66% 24%  4%  6%
[libx264 @ 000001b8a3c3d5c0] i8 v,h,dc,ddl,ddr,vr,hd,vl,hu: 35% 28%  9%  4%  3%  5%  4%  5%  6%
[libx264 @ 000001b8a3c3d5c0] i4 v,h,dc,ddl,ddr,vr,hd,vl,hu: 26% 25%  9%  6%  7%  7%  6%  6%  8%
[libx264 @ 000001b8a3c3d5c0] Weighted P-Frames: Y:0.0% UV:0.0%
[libx264 @ 000001b8a3c3d5c0] kb/s:2205.66
