2026-08-01 12:18:53 INFO init_ComServices(367) Modbus device connected.
2026-08-01 12:18:53 ERROR get_json_from_file(399) get_json_from_file failed
Traceback (most recent call last):
  File "C:\Users\vchikkay\OneDrive - Alstom\Data\projects\Vinnovation\TinyTechniques\EEjo\Working\Eejo_V3.0\Eejo\Lib\FirebaseHelper.py", line 397, in get_json_from_file
    return json.load(f)
           ~~~~~~~~~^^^
  File "C:\Users\vchikkay\AppData\Local\Programs\Python\Python313\Lib\json\__init__.py", line 293, in load
    return loads(fp.read(),
        cls=cls, object_hook=object_hook,
        parse_float=parse_float, parse_int=parse_int,
        parse_constant=parse_constant, object_pairs_hook=object_pairs_hook, **kw)
  File "C:\Users\vchikkay\AppData\Local\Programs\Python\Python313\Lib\json\__init__.py", line 346, in loads
    return _default_decoder.decode(s)
           ~~~~~~~~~~~~~~~~~~~~~~~^^^
  File "C:\Users\vchikkay\AppData\Local\Programs\Python\Python313\Lib\json\decoder.py", line 345, in decode
    obj, end = self.raw_decode(s, idx=_w(s, 0).end())
               ~~~~~~~~~~~~~~~^^^^^^^^^^^^^^^^^^^^^^^
  File "C:\Users\vchikkay\AppData\Local\Programs\Python\Python313\Lib\json\decoder.py", line 363, in raw_decode
    raise JSONDecodeError("Expecting value", s, err.value) from None
json.decoder.JSONDecodeError: Expecting value: line 1 column 1 (char 0)

2026-08-01 12:18:54 ERROR generate_heat_update_lists_for_firebase(217) generate_heat_update_lists_for_firebase failed
Traceback (most recent call last):
  File "C:\Users\vchikkay\OneDrive - Alstom\Data\projects\Vinnovation\TinyTechniques\EEjo\Working\Eejo_V3.0\Eejo\Lib\FirebaseHelper.py", line 205, in generate_heat_update_lists_for_firebase
    heat_list_L = LocalData[event].get("HeatList", [])
                  ~~~~~~~~~^^^^^^^
KeyError: 0

2026-08-01 12:18:54 INFO control_loop(213) control_loop: Waiting to start next heat
2026-08-01 12:18:54 INFO control_loop(225) control_loop: Loaded Heat 100_IM_G02_B_2
2026-08-01 12:18:54 INFO prepare_heat(127) Board 0 mapped to MODSwitchBits index 4
2026-08-01 12:18:54 INFO prepare_heat(127) Board 1 mapped to MODSwitchBits index 6
2026-08-01 12:18:54 INFO prepare_heat(127) Board 2 mapped to MODSwitchBits index 2
2026-08-01 12:18:54 INFO prepare_heat(127) Board 3 mapped to MODSwitchBits index 3
