2026-08-03 23:14:13 INFO init_ComServices(367) Modbus device connected.
2026-08-03 23:14:13 ERROR get_json_from_file(399) get_json_from_file failed
Traceback (most recent call last):
  File "C:\Users\vchikkay\OneDrive - Alstom\Data\projects\Vinnovation\TinyTechniques\EEjo\Working\Eejo_V3.0\Eejo\Lib\FirebaseHelper.py", line 397, in get_json_from_file
    return json.load(f)
           ~~~~~~~~~^^^
  File "C:\Users\vchikkay\AppData\Local\Programs\Python\Python313\Lib\json\__init__.py", line 293, in load
    return loads(fp.read(),
        cls=cls, object_hook=object_hook,
        parse_float=parse_float, parse_int=parse_int,
        parse_constant=parse_constant, object_pairs_hook=object_pairs_hook, **kw)
  File "C:\Users\vchikkay\AppData\Local\Programs\Python\Python313\Lib\json\__init__.py", line 346, in loads
    return _default_decoder.decode(s)
           ~~~~~~~~~~~~~~~~~~~~~~~^^^
  File "C:\Users\vchikkay\AppData\Local\Programs\Python\Python313\Lib\json\decoder.py", line 345, in decode
    obj, end = self.raw_decode(s, idx=_w(s, 0).end())
               ~~~~~~~~~~~~~~~^^^^^^^^^^^^^^^^^^^^^^^
  File "C:\Users\vchikkay\AppData\Local\Programs\Python\Python313\Lib\json\decoder.py", line 363, in raw_decode
    raise JSONDecodeError("Expecting value", s, err.value) from None
json.decoder.JSONDecodeError: Expecting value: line 1 column 1 (char 0)

2026-08-03 23:14:13 ERROR internet_on(132) internet_on check failed
Traceback (most recent call last):
  File "C:\Users\vchikkay\AppData\Local\Programs\Python\Python313\Lib\site-packages\urllib3\connection.py", line 204, in _new_conn
    sock = connection.create_connection(
        (self._dns_host, self.port),
    ...<2 lines>...
        socket_options=self.socket_options,
    )
  File "C:\Users\vchikkay\AppData\Local\Programs\Python\Python313\Lib\site-packages\urllib3\util\connection.py", line 60, in create_connection
    for res in socket.getaddrinfo(host, port, family, socket.SOCK_STREAM):
               ~~~~~~~~~~~~~~~~~~^^^^^^^^^^^^^^^^^^^^^^^^^^^^^^^^^^^^^^^^
  File "C:\Users\vchikkay\AppData\Local\Programs\Python\Python313\Lib\socket.py", line 975, in getaddrinfo
    for res in _socket.getaddrinfo(host, port, family, type, proto, flags):
               ~~~~~~~~~~~~~~~~~~~^^^^^^^^^^^^^^^^^^^^^^^^^^^^^^^^^^^^^^^^
socket.gaierror: [Errno 11001] getaddrinfo failed

The above exception was the direct cause of the following exception:

Traceback (most recent call last):
  File "C:\Users\vchikkay\AppData\Local\Programs\Python\Python313\Lib\site-packages\urllib3\connectionpool.py", line 787, in urlopen
    response = self._make_request(
        conn,
    ...<10 lines>...
        **response_kw,
    )
  File "C:\Users\vchikkay\AppData\Local\Programs\Python\Python313\Lib\site-packages\urllib3\connectionpool.py", line 493, in _make_request
    conn.request(
    ~~~~~~~~~~~~^
        method,
        ^^^^^^^
    ...<6 lines>...
        enforce_content_length=enforce_content_length,
        ^^^^^^^^^^^^^^^^^^^^^^^^^^^^^^^^^^^^^^^^^^^^^^
    )
    ^
  File "C:\Users\vchikkay\AppData\Local\Programs\Python\Python313\Lib\site-packages\urllib3\connection.py", line 500, in request
    self.endheaders()
    ~~~~~~~~~~~~~~~^^
  File "C:\Users\vchikkay\AppData\Local\Programs\Python\Python313\Lib\http\client.py", line 1331, in endheaders
    self._send_output(message_body, encode_chunked=encode_chunked)
    ~~~~~~~~~~~~~~~~~^^^^^^^^^^^^^^^^^^^^^^^^^^^^^^^^^^^^^^^^^^^^^
  File "C:\Users\vchikkay\AppData\Local\Programs\Python\Python313\Lib\http\client.py", line 1091, in _send_output
    self.send(msg)
    ~~~~~~~~~^^^^^
  File "C:\Users\vchikkay\AppData\Local\Programs\Python\Python313\Lib\http\client.py", line 1035, in send
    self.connect()
    ~~~~~~~~~~~~^^
  File "C:\Users\vchikkay\AppData\Local\Programs\Python\Python313\Lib\site-packages\urllib3\connection.py", line 331, in connect
    self.sock = self._new_conn()
                ~~~~~~~~~~~~~~^^
  File "C:\Users\vchikkay\AppData\Local\Programs\Python\Python313\Lib\site-packages\urllib3\connection.py", line 211, in _new_conn
    raise NameResolutionError(self.host, self, e) from e
urllib3.exceptions.NameResolutionError: HTTPConnection(host='clients3.google.com', port=80): Failed to resolve 'clients3.google.com' ([Errno 11001] getaddrinfo failed)

The above exception was the direct cause of the following exception:

Traceback (most recent call last):
  File "C:\Users\vchikkay\AppData\Local\Programs\Python\Python313\Lib\site-packages\requests\adapters.py", line 644, in send
    resp = conn.urlopen(
        method=request.method,
    ...<9 lines>...
        chunked=chunked,
    )
  File "C:\Users\vchikkay\AppData\Local\Programs\Python\Python313\Lib\site-packages\urllib3\connectionpool.py", line 841, in urlopen
    retries = retries.increment(
        method, url, error=new_e, _pool=self, _stacktrace=sys.exc_info()[2]
    )
  File "C:\Users\vchikkay\AppData\Local\Programs\Python\Python313\Lib\site-packages\urllib3\util\retry.py", line 519, in increment
    raise MaxRetryError(_pool, url, reason) from reason  # type: ignore[arg-type]
    ^^^^^^^^^^^^^^^^^^^^^^^^^^^^^^^^^^^^^^^^^^^^^^^^^^^
urllib3.exceptions.MaxRetryError: HTTPConnectionPool(host='clients3.google.com', port=80): Max retries exceeded with url: /generate_204 (Caused by NameResolutionError("HTTPConnection(host='clients3.google.com', port=80): Failed to resolve 'clients3.google.com' ([Errno 11001] getaddrinfo failed)"))

During handling of the above exception, another exception occurred:

Traceback (most recent call last):
  File "C:\Users\vchikkay\OneDrive - Alstom\Data\projects\Vinnovation\TinyTechniques\EEjo\Working\Eejo_V3.0\Eejo\Lib\FirebaseHelper.py", line 129, in internet_on
    requests.get("http://clients3.google.com/generate_204", timeout=5)
    ~~~~~~~~~~~~^^^^^^^^^^^^^^^^^^^^^^^^^^^^^^^^^^^^^^^^^^^^^^^^^^^^^^
  File "C:\Users\vchikkay\AppData\Local\Programs\Python\Python313\Lib\site-packages\requests\api.py", line 73, in get
    return request("get", url, params=params, **kwargs)
  File "C:\Users\vchikkay\AppData\Local\Programs\Python\Python313\Lib\site-packages\requests\api.py", line 59, in request
    return session.request(method=method, url=url, **kwargs)
           ~~~~~~~~~~~~~~~^^^^^^^^^^^^^^^^^^^^^^^^^^^^^^^^^^
  File "C:\Users\vchikkay\AppData\Local\Programs\Python\Python313\Lib\site-packages\requests\sessions.py", line 589, in request
    resp = self.send(prep, **send_kwargs)
  File "C:\Users\vchikkay\AppData\Local\Programs\Python\Python313\Lib\site-packages\requests\sessions.py", line 703, in send
    r = adapter.send(request, **kwargs)
  File "C:\Users\vchikkay\AppData\Local\Programs\Python\Python313\Lib\site-packages\requests\adapters.py", line 677, in send
    raise ConnectionError(e, request=request)
requests.exceptions.ConnectionError: HTTPConnectionPool(host='clients3.google.com', port=80): Max retries exceeded with url: /generate_204 (Caused by NameResolutionError("HTTPConnection(host='clients3.google.com', port=80): Failed to resolve 'clients3.google.com' ([Errno 11001] getaddrinfo failed)"))

2026-08-03 23:14:13 INFO control_loop(213) control_loop: Waiting to start next heat
2026-08-03 23:14:13 INFO control_loop(225) control_loop: Loaded Heat 100_IM_G02_B_2
2026-08-03 23:14:13 INFO prepare_heat(127) Board 0 mapped to MODSwitchBits index 4
2026-08-03 23:14:13 INFO prepare_heat(127) Board 1 mapped to MODSwitchBits index 6
2026-08-03 23:14:13 INFO prepare_heat(127) Board 2 mapped to MODSwitchBits index 2
2026-08-03 23:14:13 INFO prepare_heat(127) Board 3 mapped to MODSwitchBits index 3
2026-08-03 23:16:14 INFO _handle_start_logic(204) Start Timer Latched
