2026-01-13 11:09:18 ERROR initModbusdevice(66) initModbusdevice: could not open port 'COM3': FileNotFoundError(2, 'The system cannot find the file specified.', None, 2)
Traceback (most recent call last):
  File "C:\Users\vchikkay\Desktop\Eejo\Eejo_Shivamogga _V2_AfterEvent_Updated_Py_Updated\Eejo\Lib\ModbusLib.py", line 50, in initModbusdevice
    ModbusLibcls.instrument = minimalmodbus.Instrument(port=port, slaveaddress=slave_id)
                              ~~~~~~~~~~~~~~~~~~~~~~~~^^^^^^^^^^^^^^^^^^^^^^^^^^^^^^^^^^
  File "c:\Users\vchikkay\AppData\Local\Programs\Python\Python313\Lib\site-packages\minimalmodbus.py", line 225, in __init__
    self.serial = _serialports[port] = serial.Serial(
                                       ~~~~~~~~~~~~~^
        port=port,
        ^^^^^^^^^^
    ...<5 lines>...
        write_timeout=2.0,
        ^^^^^^^^^^^^^^^^^^
    )
    ^
  File "c:\Users\vchikkay\AppData\Local\Programs\Python\Python313\Lib\site-packages\serial\serialwin32.py", line 33, in __init__
    super(Serial, self).__init__(*args, **kwargs)
    ~~~~~~~~~~~~~~~~~~~~~~~~~~~~^^^^^^^^^^^^^^^^^
  File "c:\Users\vchikkay\AppData\Local\Programs\Python\Python313\Lib\site-packages\serial\serialutil.py", line 244, in __init__
    self.open()
    ~~~~~~~~~^^
  File "c:\Users\vchikkay\AppData\Local\Programs\Python\Python313\Lib\site-packages\serial\serialwin32.py", line 64, in open
    raise SerialException("could not open port {!r}: {!r}".format(self.portstr, ctypes.WinError()))
serial.serialutil.SerialException: could not open port 'COM3': FileNotFoundError(2, 'The system cannot find the file specified.', None, 2)

2026-01-13 11:09:18 INFO init_ComServices(329) Modbus device connected.
2026-01-13 11:09:18 ERROR get_json_from_file(398) get_json_from_file failed
Traceback (most recent call last):
  File "C:\Users\vchikkay\Desktop\Eejo\Eejo_Shivamogga _V2_AfterEvent_Updated_Py_Updated\Eejo\Lib\FirebaseHelper.py", line 396, in get_json_from_file
    return json.load(f)
           ~~~~~~~~~^^^
  File "c:\Users\vchikkay\AppData\Local\Programs\Python\Python313\Lib\json\__init__.py", line 293, in load
    return loads(fp.read(),
        cls=cls, object_hook=object_hook,
        parse_float=parse_float, parse_int=parse_int,
        parse_constant=parse_constant, object_pairs_hook=object_pairs_hook, **kw)
  File "c:\Users\vchikkay\AppData\Local\Programs\Python\Python313\Lib\json\__init__.py", line 346, in loads
    return _default_decoder.decode(s)
           ~~~~~~~~~~~~~~~~~~~~~~~^^^
  File "c:\Users\vchikkay\AppData\Local\Programs\Python\Python313\Lib\json\decoder.py", line 345, in decode
    obj, end = self.raw_decode(s, idx=_w(s, 0).end())
               ~~~~~~~~~~~~~~~^^^^^^^^^^^^^^^^^^^^^^^
  File "c:\Users\vchikkay\AppData\Local\Programs\Python\Python313\Lib\json\decoder.py", line 363, in raw_decode
    raise JSONDecodeError("Expecting value", s, err.value) from None
json.decoder.JSONDecodeError: Expecting value: line 1 column 1 (char 0)

2026-01-13 11:09:18 ERROR generate_heat_update_lists_for_firebase(217) generate_heat_update_lists_for_firebase failed
Traceback (most recent call last):
  File "C:\Users\vchikkay\Desktop\Eejo\Eejo_Shivamogga _V2_AfterEvent_Updated_Py_Updated\Eejo\Lib\FirebaseHelper.py", line 205, in generate_heat_update_lists_for_firebase
    heat_list_L = LocalData[event].get("HeatList", [])
                  ~~~~~~~~~^^^^^^^
KeyError: 0

2026-01-13 11:09:18 ERROR ReadModbusData(119) ReadModbusData: 'NoneType' object has no attribute 'read_registers'
Traceback (most recent call last):
  File "C:\Users\vchikkay\Desktop\Eejo\Eejo_Shivamogga _V2_AfterEvent_Updated_Py_Updated\Eejo\Lib\ModbusLib.py", line 104, in ReadModbusData
    ModbusLibcls.regval = ModbusLibcls.instrument.read_registers(0, 7)
                          ^^^^^^^^^^^^^^^^^^^^^^^^^^^^^^^^^^^^^^
AttributeError: 'NoneType' object has no attribute 'read_registers'

2026-01-13 11:09:25 INFO control_loop(213) control_loop: Waiting to start next heat
2026-01-13 11:09:25 INFO control_loop(225) control_loop: Loaded Heat 100_IM_G01_B_1
